c:\dev\hilda\hilda\hilda\x64\debug\vc143.pdb
c:\dev\hilda\hilda\hilda\x64\debug\vc143.idb
c:\dev\hilda\hilda\hilda\x64\debug\texture.obj
c:\dev\hilda\hilda\hilda\x64\debug\stb_image.obj
c:\dev\hilda\hilda\hilda\x64\debug\imgui_widgets.obj
c:\dev\hilda\hilda\hilda\x64\debug\imgui_tables.obj
c:\dev\hilda\hilda\hilda\x64\debug\imgui_impl_opengl3.obj
c:\dev\hilda\hilda\hilda\x64\debug\imgui_impl_glfw.obj
c:\dev\hilda\hilda\hilda\x64\debug\imgui_draw.obj
c:\dev\hilda\hilda\hilda\x64\debug\imgui_demo.obj
c:\dev\hilda\hilda\hilda\x64\debug\imgui.obj
c:\dev\hilda\hilda\hilda\x64\debug\glm.obj
c:\dev\hilda\hilda\hilda\x64\debug\shader.obj
c:\dev\hilda\hilda\hilda\x64\debug\model.obj
c:\dev\hilda\hilda\hilda\x64\debug\mesh.obj
c:\dev\hilda\hilda\hilda\x64\debug\imguiset.obj
c:\dev\hilda\hilda\hilda\x64\debug\hilda.obj
c:\dev\hilda\hilda\hilda\x64\debug\camera.obj
c:\dev\hilda\hilda\hilda\x64\debug\glad.obj
c:\dev\hilda\hilda\x64\debug\hilda.pdb
c:\dev\hilda\hilda\hilda\x64\debug\hilda.tlog\cl.command.1.tlog
c:\dev\hilda\hilda\hilda\x64\debug\hilda.tlog\cl.read.1.tlog
c:\dev\hilda\hilda\hilda\x64\debug\hilda.tlog\cl.write.1.tlog
c:\dev\hilda\hilda\hilda\x64\debug\hilda.tlog\link-cvtres.read.1.tlog
c:\dev\hilda\hilda\hilda\x64\debug\hilda.tlog\link-cvtres.write.1.tlog
c:\dev\hilda\hilda\hilda\x64\debug\hilda.tlog\link-rc.read.1.tlog
c:\dev\hilda\hilda\hilda\x64\debug\hilda.tlog\link-rc.write.1.tlog
c:\dev\hilda\hilda\hilda\x64\debug\hilda.tlog\link.command.1.tlog
c:\dev\hilda\hilda\hilda\x64\debug\hilda.tlog\link.read.1.tlog
c:\dev\hilda\hilda\hilda\x64\debug\hilda.tlog\link.read.2.tlog
c:\dev\hilda\hilda\hilda\x64\debug\hilda.tlog\link.read.3.tlog
c:\dev\hilda\hilda\hilda\x64\debug\hilda.tlog\link.read.4.tlog
c:\dev\hilda\hilda\hilda\x64\debug\hilda.tlog\link.write.1.tlog
